../Core/Src/main.c:69:6:chenillard1	8	static
../Core/Src/main.c:91:6:chenillard2	8	static
../Core/Src/main.c:108:6:chenillard3	16	static
../Core/Src/main.c:112:6:stopTimers	8	static
../Core/Src/main.c:123:5:main	8	static
../Core/Src/main.c:175:6:SystemClock_Config	88	static
../Core/Src/main.c:213:6:HAL_UART_RxCpltCallback	16	static
../Core/Src/main.c:282:6:HAL_TIM_PeriodElapsedCallback	16	static
../Core/Src/main.c:306:6:HAL_GPIO_EXTI_Callback	16	static
../Core/Src/main.c:313:6:MPU_Config	24	static
../Core/Src/main.c:344:6:Error_Handler	4	static,ignoring_inline_asm
